node.exe : FAIL ./utils.test.js
En línea: 1 Carácter: 1
+ & "C:\Program Files\nodejs/node.exe" "C:\Program Files\nodejs/node_mo ...
+ ~~~~~~~~~~~~~~~~~~~~~~~~~~~~~~~~~~~~~~~~~~~~~~~~~~~~~~~~~~~~~~~~~~~~~
    + CategoryInfo          : NotSpecified: (FAIL ./utils.test.js:String) [], Remo 
   teException
    + FullyQualifiedErrorId : NativeCommandError
 
  ÔùÅ Test suite failed to run

    Jest encountered an unexpected token

    Jest failed to parse a file. This happens e.g. when your code or its 
dependencies use non-standard JavaScript syntax, or when Jest is not configured to 
support such syntax.

    Out of the box Jest supports Babel, which will be used to transform your files 
into valid JS based on your Babel configuration.

    By default "node_modules" folder is ignored by transformers.

    Here's what you can do:
     ÔÇó If you are trying to use ECMAScript Modules, see 
https://jestjs.io/docs/ecmascript-modules for how to enable it.
     ÔÇó If you are trying to use TypeScript, see 
https://jestjs.io/docs/getting-started#using-typescript
     ÔÇó To have some of your "node_modules" files transformed, you can specify a 
custom "transformIgnorePatterns" in your config.
     ÔÇó If you need a custom transformation specify a "transform" option in your 
config.
     ÔÇó If you simply want to mock your non-JS modules (e.g. binary assets) you 
can stub them out with the "moduleNameMapper" config option.

    You'll find more details and examples of these config options in the docs:
    https://jestjs.io/docs/configuration
    For information about custom transformations, see:
    https://jestjs.io/docs/code-transformation

    Details:

    SyntaxError: C:\KetoLab\utils.js: Identifier 'scheduleNotification' has 
already been declared. (1316:9)

    [0m [90m 1314 |[39m
     [90m 1315 |[39m [90m// Programar notificaci├│n local[39m
    [31m[1m>[22m[39m[90m 1316 |[39m [36mfunction[39m 
scheduleNotification(title[33m,[39m body[33m,[39m delayMinutes[33m,[39m tag) 
{
     [90m      |[39m          [31m[1m^[22m[39m
     [90m 1317 |[39m   [36mvar[39m delay [33m=[39m delayMinutes [33m*[39m 
[35m60[39m [33m*[39m [35m1000[39m[33m;[39m
     [90m 1318 |[39m   setTimeout([36mfunction[39m() {
     [90m 1319 |[39m     showLocalNotification(title[33m,[39m body[33m,[39m 
tag)[33m;[39m[0m

    [0m [90m 3 |[39m [90m */[39m
     [90m 4 |[39m
    [31m[1m>[22m[39m[90m 5 |[39m [36mconst[39m { escapeHtml[33m,[39m 
safeParseJSON[33m,[39m schemas[33m,[39m getLocalData } [33m=[39m 
require([32m'./utils.js'[39m)[33m;[39m
     [90m   |[39m                                                              
[31m[1m^[22m[39m
     [90m 6 |[39m
     [90m 7 |[39m describe([32m'utils.js core functions'[39m[33m,[39m () 
[33m=>[39m {
     [90m 8 |[39m[0m

      at constructor (node_modules/@babel/parser/src/parse-error.ts:95:45)
      at Parser.toParseError [as raise] 
(node_modules/@babel/parser/src/tokenizer/index.ts:1504:19)
      at ScopeHandler.raise [as checkRedeclarationInScope] 
(node_modules/@babel/parser/src/util/scope.ts:164:19)
      at ScopeHandler.checkRedeclarationInScope [as declareName] 
(node_modules/@babel/parser/src/util/scope.ts:118:12)
      at Parser.declareName [as registerFunctionStatementId] 
(node_modules/@babel/parser/src/parser/statement.ts:1745:16)
      at Parser.registerFunctionStatementId [as parseFunction] 
(node_modules/@babel/parser/src/parser/statement.ts:1708:12)
      at Parser.parseFunction [as parseFunctionStatement] 
(node_modules/@babel/parser/src/parser/statement.ts:1080:17)
      at Parser.parseFunctionStatement [as parseStatementContent] 
(node_modules/@babel/parser/src/parser/statement.ts:525:21)
      at Parser.parseStatementContent [as parseStatementLike] 
(node_modules/@babel/parser/src/parser/statement.ts:482:17)
      at Parser.parseStatementLike [as parseModuleItem] 
(node_modules/@babel/parser/src/parser/statement.ts:419:17)
      at Parser.parseModuleItem [as parseBlockOrModuleBlockBody] 
(node_modules/@babel/parser/src/parser/statement.ts:1443:16)
      at Parser.parseBlockOrModuleBlockBody [as parseBlockBody] 
(node_modules/@babel/parser/src/parser/statement.ts:1417:10)
      at Parser.parseBlockBody [as parseProgram] 
(node_modules/@babel/parser/src/parser/statement.ts:229:10)
      at Parser.parseProgram [as parseTopLevel] 
(node_modules/@babel/parser/src/parser/statement.ts:203:25)
      at Parser.parseTopLevel [as parse] 
(node_modules/@babel/parser/src/parser/index.ts:83:25)
      at parse (node_modules/@babel/parser/src/index.ts:86:38)
      at parser (node_modules/@babel/core/src/parser/index.ts:29:19)
          at parser.next (<anonymous>)
      at normalizeFile 
(node_modules/@babel/core/src/transformation/normalize-file.ts:50:24)
          at normalizeFile.next (<anonymous>)
      at run (node_modules/@babel/core/src/transformation/index.ts:41:36)
          at run.next (<anonymous>)
      at transform (node_modules/@babel/core/src/transform.ts:29:20)
          at transform.next (<anonymous>)
      at evaluateSync (node_modules/gensync/index.js:251:28)
      at sync (node_modules/gensync/index.js:89:14)
      at fn (node_modules/@babel/core/src/errors/rewrite-stack-trace.ts:99:14)
      at transformSync (node_modules/@babel/core/src/transform.ts:66:52)
      at ScriptTransformer.transformSource 
(node_modules/@jest/transform/build/ScriptTransformer.js:545:31)
      at ScriptTransformer._transformAndBuildScript 
(node_modules/@jest/transform/build/ScriptTransformer.js:674:40)
      at ScriptTransformer.transform 
(node_modules/@jest/transform/build/ScriptTransformer.js:726:19)
      at Object.require (utils.test.js:5:62)

Test Suites: 1 failed, 1 total
Tests:       0 total
Snapshots:   0 total
Time:        1.026 s
Ran all test suites.
